=== 2026-07-23 02:47:27 | STEP: download_gtf ===
CMD: wget -c https://ftp.ensembl.org/pub/release-110/gtf/homo_sapiens/Homo_sapiens.GRCh38.110.gtf.gz
--2026-07-23 02:47:27--  https://ftp.ensembl.org/pub/release-110/gtf/homo_sapiens/Homo_sapiens.GRCh38.110.gtf.gz
Resolving ftp.ensembl.org (ftp.ensembl.org)... 193.62.193.169
Connecting to ftp.ensembl.org (ftp.ensembl.org)|193.62.193.169|:443... connected.
HTTP request sent, awaiting response... 200 OK
Length: 54325732 (52M) [application/x-gzip]
Saving to: ‘Homo_sapiens.GRCh38.110.gtf.gz’

     0K .......... .......... .......... .......... ..........  0% 92.8K 9m31s
    50K .......... .......... .......... .......... ..........  0%  186K 7m8s
   100K .......... .......... .......... .......... ..........  0% 12.7M 4m46s
   150K .......... .......... .......... .......... ..........  0% 1.39M 3m44s
   200K .......... .......... .......... .......... ..........  0%  215K 3m48s
   250K .......... .......... .......... .......... ..........  0% 12.2M 3m11s
   300K .......... .......... .......... .......... ..........  0% 12.9M 2m44s
   350K .......... .......... .......... .......... ..........  0% 1.67M 2m27s
   400K .......... .......... .......... .......... ..........  0%  217K 2m37s
   450K .......... .......... .......... .......... ..........  0% 10.6M 2m22s
   500K .......... .......... .......... .......... ..........  1% 12.3M 2m9s
   550K .......... .......... .......... .......... ..........  1% 12.0M 1m59s
   600K .......... .......... .......... .......... ..........  1% 11.7M 1m50s
   650K .......... .......... .......... .......... ..........  1% 12.2M 1m42s
   700K .......... .......... .......... .......... ..........  1% 9.76M 96s
   750K .......... .......... .......... .......... ..........  1% 3.54M 91s
   800K .......... .......... .......... .......... ..........  1% 12.1M 85s
   850K .......... .......... .......... .......... ..........  1%  222K 94s
   900K .......... .......... .......... .......... ..........  1% 11.9M 89s
   950K .......... .......... .......... .......... ..........  1% 9.68M 85s
  1000K .......... .......... .......... .......... ..........  1% 12.3M 81s
  1050K .......... .......... .......... .......... ..........  2% 12.4M 77s
  1100K .......... .......... .......... .......... ..........  2% 10.0M 74s
  1150K .......... .......... .......... .......... ..........  2% 12.1M 71s
  1200K .......... .......... .......... .......... ..........  2% 11.6M 68s
  1250K .......... .......... .......... .......... ..........  2% 12.0M 66s
  1300K .......... .......... .......... .......... ..........  2% 12.4M 63s
  1350K .......... .......... .......... .......... ..........  2% 9.83M 61s
  1400K .......... .......... .......... .......... ..........  2% 12.2M 59s
  1450K .......... .......... .......... .......... ..........  2% 9.75M 57s
  1500K .......... .......... .......... .......... ..........  2% 12.2M 56s
  1550K .......... .......... .......... .......... ..........  3% 12.1M 54s
  1600K .......... .......... .......... .......... ..........  3% 11.9M 52s
  1650K .......... .......... .......... .......... ..........  3% 10.2M 51s
  1700K .......... .......... .......... .......... ..........  3% 11.9M 50s
  1750K .......... .......... .......... .......... ..........  3%  255K 54s
  1800K .......... .......... .......... .......... ..........  3% 12.1M 52s
  1850K .......... .......... .......... .......... ..........  3% 9.86M 51s
  1900K .......... .......... .......... .......... ..........  3% 12.1M 50s
  1950K .......... .......... .......... .......... ..........  3% 11.6M 49s
  2000K .......... .......... .......... .......... ..........  3% 12.4M 47s
  2050K .......... .......... .......... .......... ..........  3% 9.95M 46s
  2100K .......... .......... .......... .......... ..........  4% 12.2M 45s
  2150K .......... .......... .......... .......... ..........  4% 11.9M 44s
  2200K .......... .......... .......... .......... ..........  4% 10.4M 43s
  2250K .......... .......... .......... .......... ..........  4% 11.6M 43s
  2300K .......... .......... .......... .......... ..........  4% 12.2M 42s
  2350K .......... .......... .......... .......... ..........  4% 12.0M 41s
  2400K .......... .......... .......... .......... ..........  4% 9.83M 40s
  2450K .......... .......... .......... .......... ..........  4% 12.3M 39s
  2500K .......... .......... .......... .......... ..........  4% 8.16M 39s
  2550K .......... .......... .......... .......... ..........  4% 17.4M 38s
  2600K .......... .......... .......... .......... ..........  4% 11.9M 37s
  2650K .......... .......... .......... .......... ..........  5% 11.8M 37s
  2700K .......... .......... .......... .......... ..........  5% 8.42M 36s
  2750K .......... .......... .......... .......... ..........  5% 15.2M 35s
  2800K .......... .......... .......... .......... ..........  5% 12.9M 35s
  2850K .......... .......... .......... .......... ..........  5% 9.77M 34s
  2900K .......... .......... .......... .......... ..........  5% 9.38M 34s
  2950K .......... .......... .......... .......... ..........  5% 12.9M 33s
  3000K .......... .......... .......... .......... ..........  5% 11.6M 33s
  3050K .......... .......... .......... .......... ..........  5% 16.2M 32s
  3100K .......... .......... .......... .......... ..........  5% 9.80M 32s
  3150K .......... .......... .......... .......... ..........  6% 12.2M 31s
  3200K .......... .......... .......... .......... ..........  6% 9.78M 31s
  3250K .......... .......... .......... .......... ..........  6% 16.1M 30s
  3300K .......... .......... .......... .......... ..........  6% 9.87M 30s
  3350K .......... .......... .......... .......... ..........  6% 10.2M 30s
  3400K .......... .......... .......... .......... ..........  6% 11.5M 29s
  3450K .......... .......... .......... .......... ..........  6% 12.3M 29s
  3500K .......... .......... .......... .......... ..........  6% 12.2M 28s
  3550K .......... .......... .......... .......... ..........  6%  425K 30s
  3600K .......... .......... .......... .......... ..........  6% 12.0M 29s
  3650K .......... .......... .......... .......... ..........  6% 11.9M 29s
  3700K .......... .......... .......... .......... ..........  7% 9.63M 28s
  3750K .......... .......... .......... .......... ..........  7% 12.2M 28s
  3800K .......... .......... .......... .......... ..........  7% 9.82M 28s
  3850K .......... .......... .......... .......... ..........  7% 15.6M 27s
  3900K .......... .......... .......... .......... ..........  7% 10.4M 27s
  3950K .......... .......... .......... .......... ..........  7% 11.6M 27s
  4000K .......... .......... .......... .......... ..........  7% 12.0M 27s
  4050K .......... .......... .......... .......... ..........  7% 12.3M 26s
  4100K .......... .......... .......... .......... ..........  7% 9.81M 26s
  4150K .......... .......... .......... .......... ..........  7% 10.4M 26s
  4200K .......... .......... .......... .......... ..........  8% 11.5M 25s
  4250K .......... .......... .......... .......... ..........  8% 12.4M 25s
  4300K .......... .......... .......... .......... ..........  8% 11.9M 25s
  4350K .......... .......... .......... .......... ..........  8% 12.1M 25s
  4400K .......... .......... .......... .......... ..........  8% 10.0M 24s
  4450K .......... .......... .......... .......... ..........  8% 12.0M 24s
  4500K .......... .......... .......... .......... ..........  8% 9.78M 24s
  4550K .......... .......... .......... .......... ..........  8% 16.3M 24s
  4600K .......... .......... .......... .......... ..........  8% 9.70M 23s
  4650K .......... .......... .......... .......... ..........  8% 12.4M 23s
  4700K .......... .......... .......... .......... ..........  8% 12.0M 23s
  4750K .......... .......... .......... .......... ..........  9% 10.3M 23s
  4800K .......... .......... .......... .......... ..........  9% 14.8M 22s
  4850K .......... .......... .......... .......... ..........  9% 8.37M 22s
  4900K .......... .......... .......... .......... ..........  9% 15.7M 22s
  4950K .......... .......... .......... .......... ..........  9% 9.98M 22s
  5000K .......... .......... .......... .......... ..........  9% 11.9M 22s
  5050K .......... .......... .......... .......... ..........  9% 12.4M 21s
  5100K .......... .......... .......... .......... ..........  9% 9.85M 21s
  5150K .......... .......... .......... .......... ..........  9% 11.9M 21s
  5200K .......... .......... .......... .......... ..........  9% 9.79M 21s
  5250K .......... .......... .......... .......... ..........  9% 13.0M 21s
  5300K .......... .......... .......... .......... .......... 10% 11.7M 21s
  5350K .......... .......... .......... .......... .......... 10% 12.3M 20s
  5400K .......... .......... .......... .......... .......... 10% 11.8M 20s
  5450K .......... .......... .......... .......... .......... 10% 9.92M 20s
  5500K .......... .......... .......... .......... .......... 10% 12.1M 20s
  5550K .......... .......... .......... .......... .......... 10% 12.5M 20s
  5600K .......... .......... .......... .......... .......... 10% 9.78M 20s
  5650K .......... .......... .......... .......... .......... 10% 12.0M 19s
  5700K .......... .......... .......... .......... .......... 10% 12.0M 19s
  5750K .......... .......... .......... .......... .......... 10% 9.87M 19s
  5800K .......... .......... .......... .......... .......... 11% 16.2M 19s
  5850K .......... .......... .......... .......... .......... 11% 9.76M 19s
  5900K .......... .......... .......... .......... .......... 11% 12.2M 19s
  5950K .......... .......... .......... .......... .......... 11% 9.68M 18s
  6000K .......... .......... .......... .......... .......... 11% 12.3M 18s
  6050K .......... .......... .......... .......... .......... 11% 12.5M 18s
  6100K .......... .......... .......... .......... .......... 11% 11.7M 18s
  6150K .......... .......... .......... .......... .......... 11% 10.4M 18s
  6200K .......... .......... .......... .......... .......... 11% 9.41M 18s
  6250K .......... .......... .......... .......... .......... 11% 12.8M 18s
  6300K .......... .......... .......... .......... .......... 11% 14.8M 18s
  6350K .......... .......... .......... .......... .......... 12% 9.95M 17s
  6400K .......... .......... .......... .......... .......... 12% 12.2M 17s
  6450K .......... .......... .......... .......... .......... 12% 9.82M 17s
  6500K .......... .......... .......... .......... .......... 12% 12.0M 17s
  6550K .......... .......... .......... .......... .......... 12% 10.3M 17s
  6600K .......... .......... .......... .......... .......... 12% 12.3M 17s
  6650K .......... .......... .......... .......... .......... 12% 4.74M 17s
  6700K .......... .......... .......... .......... .......... 12% 8.46M 17s
  6750K .......... .......... .......... .......... .......... 12% 12.6M 17s
  6800K .......... .......... .......... .......... .......... 12% 9.23M 16s
  6850K .......... .......... .......... .......... .......... 13% 12.3M 16s
  6900K .......... .......... .......... .......... .......... 13% 12.1M 16s
  6950K .......... .......... .......... .......... .......... 13% 12.2M 16s
  7000K .......... .......... .......... .......... .......... 13% 8.13M 16s
  7050K .......... .......... .......... .......... .......... 13% 14.1M 16s
  7100K .......... .......... .......... .......... .......... 13% 11.0M 16s
  7150K .......... .......... .......... .......... .......... 13% 11.9M 16s
  7200K .......... .......... .......... .......... .......... 13% 9.81M 16s
  7250K .......... .......... .......... .......... .......... 13% 12.1M 16s
  7300K .......... .......... .......... .......... .......... 13% 12.3M 15s
  7350K .......... .......... .......... .......... .......... 13% 9.71M 15s
  7400K .......... .......... .......... .......... .......... 14% 12.5M 15s
  7450K .......... .......... .......... .......... .......... 14% 9.65M 15s
  7500K .......... .......... .......... .......... .......... 14% 13.0M 15s
  7550K .......... .......... .......... .......... .......... 14% 12.2M 15s
  7600K .......... .......... .......... .......... .......... 14% 11.5M 15s
  7650K .......... .......... .......... .......... .......... 14% 12.3M 15s
  7700K .......... .......... .......... .......... .......... 14% 8.13M 15s
  7750K .......... .......... .......... .......... .......... 14% 16.5M 15s
  7800K .......... .......... .......... .......... .......... 14% 12.0M 15s
  7850K .......... .......... .......... .......... .......... 14% 9.90M 14s
  7900K .......... .......... .......... .......... .......... 14% 12.1M 14s
  7950K .......... .......... .......... .......... .......... 15% 9.80M 14s
  8000K .......... .......... .......... .......... .......... 15% 12.7M 14s
  8050K .......... .......... .......... .......... .......... 15% 12.2M 14s
  8100K .......... .......... .......... .......... .......... 15% 11.8M 14s
  8150K .......... .......... .......... .......... .......... 15% 10.1M 14s
  8200K .......... .......... .......... .......... .......... 15% 9.51M 14s
  8250K .......... .......... .......... .......... .......... 15% 12.9M 14s
  8300K .......... .......... .......... .......... .......... 15% 14.6M 14s
  8350K .......... .......... .......... .......... .......... 15% 9.94M 14s
  8400K .......... .......... .......... .......... .......... 15% 12.1M 14s
  8450K .......... .......... .......... .......... .......... 16% 9.61M 14s
  8500K .......... .......... .......... .......... .......... 16% 12.5M 13s
  8550K .......... .......... .......... .......... .......... 16% 12.1M 13s
  8600K .......... .......... .......... .......... .......... 16% 12.0M 13s
  8650K .......... .......... .......... .......... .......... 16% 12.2M 13s
  8700K .......... .......... .......... .......... .......... 16% 9.85M 13s
  8750K .......... .......... .......... .......... .......... 16% 9.84M 13s
  8800K .......... .......... .......... .......... .......... 16% 16.2M 13s
  8850K .......... .......... .......... .......... .......... 16% 9.74M 13s
  8900K .......... .......... .......... .......... .......... 16% 12.0M 13s
  8950K .......... .......... .......... .......... .......... 16% 10.1M 13s
  9000K .......... .......... .......... .......... .......... 17% 12.7M 13s
  9050K .......... .......... .......... .......... .......... 17% 12.2M 13s
  9100K .......... .......... .......... .......... .......... 17% 9.33M 13s
  9150K .......... .......... .......... .......... .......... 17% 16.4M 13s
  9200K .......... .......... .......... .......... .......... 17% 9.66M 13s
  9250K .......... .......... .......... .......... .......... 17% 12.4M 12s
  9300K .......... .......... .......... .......... .......... 17% 12.4M 12s
  9350K .......... .......... .......... .......... .......... 17% 9.75M 12s
  9400K .......... .......... .......... .......... .......... 17% 12.1M 12s
  9450K .......... .......... .......... .......... .......... 17% 10.2M 12s
  9500K .......... .......... .......... .......... .......... 18% 11.8M 12s
  9550K .......... .......... .......... .......... .......... 18% 12.0M 12s
  9600K .......... .......... .......... .......... .......... 18% 12.0M 12s
  9650K .......... .......... .......... .......... .......... 18% 9.89M 12s
  9700K .......... .......... .......... .......... .......... 18% 4.45M 12s
  9750K .......... .......... .......... .......... .......... 18% 12.1M 12s
  9800K .......... .......... .......... .......... .......... 18% 12.1M 12s
  9850K .......... .......... .......... .......... .......... 18% 12.6M 12s
  9900K .......... .......... .......... .......... .......... 18% 9.59M 12s
  9950K .......... .......... .......... .......... .......... 18% 12.3M 12s
 10000K .......... .......... .......... .......... .......... 18% 12.2M 12s
 10050K .......... .......... .......... .......... .......... 19% 9.76M 12s
 10100K .......... .......... .......... .......... .......... 19% 10.2M 12s
 10150K .......... .......... .......... .......... .......... 19% 15.1M 11s
 10200K .......... .......... .......... .......... .......... 19% 9.80M 11s
 10250K .......... .......... .......... .......... .......... 19% 12.1M 11s
 10300K .......... .......... .......... .......... .......... 19% 9.87M 11s
 10350K .......... .......... .......... .......... .......... 19% 9.78M 11s
 10400K .......... .......... .......... .......... .......... 19% 16.1M 11s
 10450K .......... .......... .......... .......... .......... 19% 9.52M 11s
 10500K .......... .......... .......... .......... .......... 19% 12.6M 11s
 10550K .......... .......... .......... .......... .......... 19% 9.80M 11s
 10600K .......... .......... .......... .......... .......... 20% 12.1M 11s
 10650K .......... .......... .......... .......... .......... 20% 12.4M 11s
 10700K .......... .......... .......... .......... .......... 20% 10.1M 11s
 10750K .......... .......... .......... .......... .......... 20% 11.8M 11s
 10800K .......... .......... .......... .......... .......... 20% 12.3M 11s
 10850K .......... .......... .......... .......... .......... 20% 9.98M 11s
 10900K .......... .......... .......... .......... .......... 20% 11.8M 11s
 10950K .......... .......... .......... .......... .......... 20% 9.96M 11s
 11000K .......... .......... .......... .......... .......... 20% 15.6M 11s
 11050K .......... .......... .......... .......... .......... 20% 12.3M 11s
 11100K .......... .......... .......... .......... .......... 21% 9.84M 11s
 11150K .......... .......... .......... .......... .......... 21% 12.3M 11s
 11200K .......... .......... .......... .......... .......... 21% 9.66M 11s
 11250K .......... .......... .......... .......... .......... 21% 12.2M 10s
 11300K .......... .......... .......... .......... .......... 21% 12.1M 10s
 11350K .......... .......... .......... .......... .......... 21% 9.87M 10s
 11400K .......... .......... .......... .......... .......... 21% 12.4M 10s
 11450K .......... .......... .......... .......... .......... 21% 9.60M 10s
 11500K .......... .......... .......... .......... .......... 21% 12.3M 10s
 11550K .......... .......... .......... .......... .......... 21% 9.78M 10s
 11600K .......... .......... .......... .......... .......... 21% 12.2M 10s
 11650K .......... .......... .......... .......... .......... 22% 12.2M 10s
 11700K .......... .......... .......... .......... .......... 22% 12.0M 10s
 11750K .......... .......... .......... .......... .......... 22% 9.96M 10s
 11800K .......... .......... .......... .......... .......... 22% 12.2M 10s
 11850K .......... .......... .......... .......... .......... 22% 12.0M 10s
 11900K .......... .......... .......... .......... .......... 22% 12.2M 10s
 11950K .......... .......... .......... .......... .......... 22% 9.88M 10s
 12000K .......... .......... .......... .......... .......... 22% 12.4M 10s
 12050K .......... .......... .......... .......... .......... 22% 9.68M 10s
 12100K .......... .......... .......... .......... .......... 22% 9.81M 10s
 12150K .......... .......... .......... .......... .......... 22% 12.1M 10s
 12200K .......... .......... .......... .......... .......... 23% 8.26M 10s
 12250K .......... .......... .......... .......... .......... 23% 15.6M 10s
 12300K .......... .......... .......... .......... .......... 23% 9.93M 10s
 12350K .......... .......... .......... .......... .......... 23% 9.73M 10s
 12400K .......... .......... .......... .......... .......... 23% 16.0M 10s
 12450K .......... .......... .......... .......... .......... 23% 9.94M 10s
 12500K .......... .......... .......... .......... .......... 23% 12.1M 9s
 12550K .......... .......... .......... .......... .......... 23% 12.6M 9s
 12600K .......... .......... .......... .......... .......... 23% 9.40M 9s
 12650K .......... .......... .......... .......... .......... 23% 12.0M 9s
 12700K .......... .......... .......... .......... .......... 24% 9.95M 9s
 12750K .......... .......... .......... .......... .......... 24% 6.04M 9s
 12800K .......... .......... .......... .......... .......... 24% 12.5M 9s
 12850K .......... .......... .......... .......... .......... 24% 8.43M 9s
 12900K .......... .......... .......... .......... .......... 24% 11.5M 9s
 12950K .......... .......... .......... .......... .......... 24% 12.2M 9s
 13000K .......... .......... .......... .......... .......... 24% 12.3M 9s
 13050K .......... .......... .......... .......... .......... 24%  147K 10s
 13100K .......... .......... .......... .......... .......... 24%  159M 10s
 13150K .......... .......... .......... .......... .......... 24%  190M 10s
 13200K .......... .......... .......... .......... .......... 24%  169M 10s
 13250K .......... .......... .......... .......... .......... 25%  194M 10s
 13300K .......... .......... .......... .......... .......... 25%  194M 10s
 13350K .......... .......... .......... .......... .......... 25%  170M 10s
 13400K .......... .......... .......... .......... .......... 25%  180M 10s
 13450K .......... .......... .......... .......... .......... 25%  171M 10s
 13500K .......... .......... .......... .......... .......... 25%  195M 10s
 13550K .......... .......... .......... .......... .......... 25%  186M 10s
 13600K .......... .......... .......... .......... .......... 25%  168M 10s
 13650K .......... .......... .......... .......... .......... 25%  190M 10s
 13700K .......... .......... .......... .......... .......... 25%  167M 10s
 13750K .......... .......... .......... .......... .......... 26%  179M 9s
 13800K .......... .......... .......... .......... .......... 26%  184M 9s
 13850K .......... .......... .......... .......... .......... 26%  156M 9s
 13900K .......... .......... .......... .......... .......... 26%  183M 9s
 13950K .......... .......... .......... .......... .......... 26%  162M 9s
 14000K .......... .......... .......... .......... .......... 26%  183M 9s
 14050K .......... .......... .......... .......... .......... 26%  195M 9s
 14100K .......... .......... .......... .......... .......... 26%  164M 9s
 14150K .......... .......... .......... .......... .......... 26%  171M 9s
 14200K .......... .......... .......... .......... .......... 26%  167M 9s
 14250K .......... .......... .......... .......... .......... 26%  191M 9s
 14300K .......... .......... .......... .......... .......... 27%  195M 9s
 14350K .......... .......... .......... .......... .......... 27%  165M 9s
 14400K .......... .......... .......... .......... .......... 27%  191M 9s
 14450K .......... .......... .......... .......... .......... 27%  162M 9s
 14500K .......... .......... .......... .......... .......... 27%  181M 9s
 14550K .......... .......... .......... .......... .......... 27%  184M 9s
 14600K .......... .......... .......... .......... .......... 27%  159M 9s
 14650K .......... .......... .......... .......... .......... 27%  184M 9s
 14700K .......... .......... .......... .......... .......... 27%  160M 9s
 14750K .......... .......... .......... .......... .......... 27%  184M 9s
 14800K .......... .......... .......... .......... .......... 27%  196M 9s
 14850K .......... .......... .......... .......... .......... 28%  150M 9s
 14900K .......... .......... .......... .......... .......... 28%  186M 9s
 14950K .......... .......... .......... .......... .......... 28%  155M 8s
 15000K .......... .......... .......... .......... .......... 28%  313M 8s
 15050K .......... .......... .......... .......... .......... 28%  365M 8s
 15100K .......... .......... .......... .......... .......... 28%  315M 8s
 15150K .......... .......... .......... .......... .......... 28%  333M 8s
 15200K .......... .......... .......... .......... .......... 28%  293M 8s
 15250K .......... .......... .......... .......... .......... 28%  336M 8s
 15300K .......... .......... .......... .......... .......... 28%  346M 8s
 15350K .......... .......... .......... .......... .......... 29%  295M 8s
 15400K .......... .......... .......... .......... .......... 29%  330M 8s
 15450K .......... .......... .......... .......... .......... 29%  306M 8s
 15500K .......... .......... .......... .......... .......... 29%  358M 8s
 15550K .......... .......... .......... .......... .......... 29%  350M 8s
 15600K .......... .......... .......... .......... .......... 29%  313M 8s
 15650K .......... .......... .......... .......... .......... 29%  367M 8s
 15700K .......... .......... .......... .......... .......... 29%  324M 8s
 15750K .......... .......... .......... .......... .......... 29%  361M 8s
 15800K .......... .......... .......... .......... .......... 29%  348M 8s
 15850K .......... .......... .......... .......... .......... 29%  291M 8s
 15900K .......... .......... .......... .......... .......... 30%  342M 8s
 15950K .......... .......... .......... .......... .......... 30%  300M 8s
 16000K .......... .......... .......... .......... .......... 30%  339M 8s
 16050K .......... .......... .......... .......... .......... 30%  335M 8s
 16100K .......... .......... .......... .......... .......... 30%  194K 8s
 16150K .......... .......... .......... .......... .......... 30% 16.0M 8s
 16200K .......... .......... .......... .......... .......... 30% 12.1M 8s
 16250K .......... .......... .......... .......... .......... 30% 8.88M 8s
 16300K .......... .......... .......... .......... .......... 30% 19.7M 8s
 16350K .......... .......... .......... .......... .......... 30% 7.23M 8s
 16400K .......... .......... .......... .......... .......... 31% 16.2M 8s
 16450K .......... .......... .......... .......... .......... 31% 8.18M 8s
 16500K .......... .......... .......... .......... .......... 31% 45.8M 8s
 16550K .......... .......... .......... .......... .......... 31% 10.3M 8s
 16600K .......... .......... .......... .......... .......... 31% 11.5M 8s
 16650K .......... .......... .......... .......... .......... 31% 12.2M 8s
 16700K .......... .......... .......... .......... .......... 31% 8.20M 8s
 16750K .......... .......... .......... .......... .......... 31% 11.7M 8s
 16800K .......... .......... .......... .......... .......... 31% 17.5M 8s
 16850K .......... .......... .......... .......... .......... 31% 8.08M 8s
 16900K .......... .......... .......... .......... .......... 31%  105K 9s
 16950K .......... .......... .......... .......... .......... 32% 10.1M 9s
 17000K .......... .......... .......... .......... .......... 32% 12.8M 9s
 17050K .......... .......... .......... .......... .......... 32% 14.4M 9s
 17100K .......... .......... .......... .......... .......... 32% 8.09M 9s
 17150K .......... .......... .......... .......... .......... 32% 12.8M 9s
 17200K .......... .......... .......... .......... .......... 32% 9.89M 9s
 17250K .......... .......... .......... .......... .......... 32% 16.0M 9s
 17300K .......... .......... .......... .......... .......... 32% 16.5M 9s
 17350K .......... .......... .......... .......... .......... 32% 11.0M 9s
 17400K .......... .......... .......... .......... .......... 32% 17.5M 9s
 17450K .......... .......... .......... .......... .......... 32% 10.3M 8s
 17500K .......... .......... .......... .......... .......... 33% 17.1M 8s
 17550K .......... .......... .......... .......... .......... 33% 7.85M 8s
 17600K .......... .......... .......... .......... .......... 33% 16.2M 8s
 17650K .......... .......... .......... .......... .......... 33% 12.1M 8s
 17700K .......... .......... .......... .......... .......... 33% 16.3M 8s
 17750K .......... .......... .......... .......... .......... 33%  188M 8s
 17800K .......... .......... .......... .......... .......... 33%  199M 8s
 17850K .......... .......... .......... .......... .......... 33%  165M 8s
 17900K .......... .......... .......... .......... .......... 33%  194M 8s
 17950K .......... .......... .......... .......... .......... 33%  166M 8s
 18000K .......... .......... .......... .......... .......... 34%  185M 8s
 18050K .......... .......... .......... .......... .......... 34%  187M 8s
 18100K .......... .......... .......... .......... .......... 34%  162M 8s
 18150K .......... .......... .......... .......... .......... 34%  194M 8s
 18200K .......... .......... .......... .......... .......... 34%  163M 8s
 18250K .......... .......... .......... .......... .......... 34%  188M 8s
 18300K .......... .......... .......... .......... .......... 34%  198M 8s
 18350K .......... .......... .......... .......... .......... 34%  166M 8s
 18400K .......... .......... .......... .......... .......... 34%  191M 8s
 18450K .......... .......... .......... .......... .......... 34%  152M 8s
 18500K .......... .......... .......... .......... .......... 34%  191M 8s
 18550K .......... .......... .......... .......... .......... 35%  611K 8s
 18600K .......... .......... .......... .......... .......... 35% 10.6M 8s
 18650K .......... .......... .......... .......... .......... 35% 16.3M 8s
 18700K .......... .......... .......... .......... .......... 35% 9.92M 8s
 18750K .......... .......... .......... .......... .......... 35% 35.5M 8s
 18800K .......... .......... .......... .......... .......... 35% 16.7M 8s
 18850K .......... .......... .......... .......... .......... 35% 16.5M 8s
 18900K .......... .......... .......... .......... .......... 35% 15.8M 8s
 18950K .......... .......... .......... .......... .......... 35% 10.1M 8s
 19000K .......... .......... .......... .......... .......... 35% 16.1M 8s
 19050K .......... .......... .......... .......... .......... 36% 16.0M 8s
 19100K .......... .......... .......... .......... .......... 36% 9.89M 8s
 19150K .......... .......... .......... .......... .......... 36% 24.1M 8s
 19200K .......... .......... .......... .......... .......... 36% 9.67M 8s
 19250K .......... .......... .......... .......... .......... 36% 41.2M 8s
 19300K .......... .......... .......... .......... .......... 36%  185M 8s
 19350K .......... .......... .......... .......... .......... 36%  162M 8s
 19400K .......... .......... .......... .......... .......... 36%  185M 7s
 19450K .......... .......... .......... .......... .......... 36%  160M 7s
 19500K .......... .......... .......... .......... .......... 36%  183M 7s
 19550K .......... .......... .......... .......... .......... 36%  191M 7s
 19600K .......... .......... .......... .......... .......... 37%  164M 7s
 19650K .......... .......... .......... .......... .......... 37%  191M 7s
 19700K .......... .......... .......... .......... .......... 37%  163M 7s
 19750K .......... .......... .......... .......... .......... 37%  178M 7s
 19800K .......... .......... .......... .......... .......... 37%  184M 7s
 19850K .......... .......... .......... .......... .......... 37%  161M 7s
 19900K .......... .......... .......... .......... .......... 37%  192M 7s
 19950K .......... .......... .......... .......... .......... 37%  376K 7s
 20000K .......... .......... .......... .......... .......... 37% 12.6M 7s
 20050K .......... .......... .......... .......... .......... 37% 12.3M 7s
 20100K .......... .......... .......... .......... .......... 37% 9.41M 7s
 20150K .......... .......... .......... .......... .......... 38% 12.2M 7s
 20200K .......... .......... .......... .......... .......... 38% 12.3M 7s
 20250K .......... .......... .......... .......... .......... 38% 12.2M 7s
 20300K .......... .......... .......... .......... .......... 38% 12.2M 7s
 20350K .......... .......... .......... .......... .......... 38% 9.51M 7s
 20400K .......... .......... .......... .......... .......... 38%  926K 7s
 20450K .......... .......... .......... .......... .......... 38% 9.98M 7s
 20500K .......... .......... .......... .......... .......... 38% 12.6M 7s
 20550K .......... .......... .......... .......... .......... 38% 8.13M 7s
 20600K .......... .......... .......... .......... .......... 38% 9.86M 7s
 20650K .......... .......... .......... .......... .......... 39% 23.6M 7s
 20700K .......... .......... .......... .......... .......... 39% 11.5M 7s
 20750K .......... .......... .......... .......... .......... 39% 12.3M 7s
 20800K .......... .......... .......... .......... .......... 39% 9.98M 7s
 20850K .......... .......... .......... .......... .......... 39% 9.77M 7s
 20900K .......... .......... .......... .......... .......... 39% 12.5M 7s
 20950K .......... .......... .......... .......... .......... 39% 12.3M 7s
 21000K .......... .......... .......... .......... .......... 39% 11.8M 7s
 21050K .......... .......... .......... .......... .......... 39% 9.93M 7s
 21100K .......... .......... .......... .......... .......... 39% 16.0M 7s
 21150K .......... .......... .......... .......... .......... 39% 12.2M 7s
 21200K .......... .......... .......... .......... .......... 40% 8.19M 7s
 21250K .......... .......... .......... .......... .......... 40% 12.2M 7s
 21300K .......... .......... .......... .......... .......... 40% 16.3M 7s
 21350K .......... .......... .......... .......... .......... 40% 9.74M 7s
 21400K .......... .......... .......... .......... .......... 40% 12.2M 7s
 21450K .......... .......... .......... .......... .......... 40% 10.2M 7s
 21500K .......... .......... .......... .......... .......... 40% 12.2M 7s
 21550K .......... .......... .......... .......... .......... 40% 12.2M 7s
 21600K .......... .......... .......... .......... .......... 40% 11.5M 7s
 21650K .......... .......... .......... .......... .......... 40% 12.1M 7s
 21700K .......... .......... .......... .......... .......... 40% 9.77M 7s
 21750K .......... .......... .......... .......... .......... 41% 12.3M 7s
 21800K .......... .......... .......... .......... .......... 41% 12.2M 7s
 21850K .......... .......... .......... .......... .......... 41% 9.77M 7s
 21900K .......... .......... .......... .......... .......... 41% 12.3M 7s
 21950K .......... .......... .......... .......... .......... 41% 9.79M 7s
 22000K .......... .......... .......... .......... .......... 41% 12.2M 7s
 22050K .......... .......... .......... .......... .......... 41% 12.3M 7s
 22100K .......... .......... .......... .......... .......... 41% 1.28M 7s
 22150K .......... .......... .......... .......... .......... 41% 10.1M 7s
 22200K .......... .......... .......... .......... .......... 41% 10.3M 7s
 22250K .......... .......... .......... .......... .......... 42% 11.8M 7s
 22300K .......... .......... .......... .......... .......... 42% 12.0M 7s
 22350K .......... .......... .......... .......... .......... 42% 9.78M 7s
 22400K .......... .......... .......... .......... .......... 42% 12.8M 6s
 22450K .......... .......... .......... .......... .......... 42% 9.35M 6s
 22500K .......... .......... .......... .......... .......... 42% 16.3M 6s
 22550K .......... .......... .......... .......... .......... 42%  945K 7s
 22600K .......... .......... .......... .......... .......... 42% 9.09M 6s
 22650K .......... .......... .......... .......... .......... 42% 10.5M 6s
 22700K .......... .......... .......... .......... .......... 42% 11.8M 6s
 22750K .......... .......... .......... .......... .......... 42% 12.3M 6s
 22800K .......... .......... .......... .......... .......... 43% 12.4M 6s
 22850K .......... .......... .......... .......... .......... 43% 9.87M 6s
 22900K .......... .......... .......... .......... .......... 43% 12.0M 6s
 22950K .......... .......... .......... .......... .......... 43% 9.81M 6s
 23000K .......... .......... .......... .......... .......... 43% 12.2M 6s
 23050K .......... .......... .......... .......... .......... 43% 12.2M 6s
 23100K .......... .......... .......... .......... .......... 43% 10.2M 6s
 23150K .......... .......... .......... .......... .......... 43% 15.0M 6s
 23200K .......... .......... .......... .......... .......... 43% 9.90M 6s
 23250K .......... .......... .......... .......... .......... 43% 12.1M 6s
 23300K .......... .......... .......... .......... .......... 44% 12.2M 6s
 23350K .......... .......... .......... .......... .......... 44% 9.77M 6s
 23400K .......... .......... .......... .......... .......... 44% 12.2M 6s
 23450K .......... .......... .......... .......... .......... 44% 9.88M 6s
 23500K .......... .......... .......... .......... .......... 44% 12.0M 6s
 23550K .......... .......... .......... .......... .......... 44% 12.2M 6s
 23600K .......... .......... .......... .......... .......... 44% 12.1M 6s
 23650K .......... .......... .......... .......... .......... 44% 12.2M 6s
 23700K .......... .......... .......... .......... .......... 44% 8.23M 6s
 23750K .......... .......... .......... .......... .......... 44% 12.4M 6s
 23800K .......... .......... .......... .......... .......... 44% 15.8M 6s
 23850K .......... .......... .......... .......... .......... 45% 10.1M 6s
 23900K .......... .......... .......... .......... .......... 45% 11.8M 6s
 23950K .......... .......... .......... .......... .......... 45% 9.78M 6s
 24000K .......... .......... .......... .......... .......... 45% 12.9M 6s
 24050K .......... .......... .......... .......... .......... 45% 11.5M 6s
 24100K .......... .......... .......... .......... .......... 45% 12.1M 6s
 24150K .......... .......... .......... .......... .......... 45% 12.1M 6s
 24200K .......... .......... .......... .......... .......... 45% 9.85M 6s
 24250K .......... .......... .......... .......... .......... 45% 12.2M 6s
 24300K .......... .......... .......... .......... .......... 45% 10.6M 6s
 24350K .......... .......... .......... .......... .......... 45% 1.43M 6s
 24400K .......... .......... .......... .......... .......... 46% 12.2M 6s
 24450K .......... .......... .......... .......... .......... 46% 9.36M 6s
 24500K .......... .......... .......... .......... .......... 46% 16.3M 6s
 24550K .......... .......... .......... .......... .......... 46% 12.2M 6s
 24600K .......... .......... .......... .......... .......... 46% 9.87M 6s
 24650K .......... .......... .......... .......... .......... 46% 12.3M 6s
 24700K .......... .......... .......... .......... .......... 46% 9.65M 6s
 24750K .......... .......... .......... .......... .......... 46% 12.2M 6s
 24800K .......... .......... .......... .......... .......... 46%  980K 6s
 24850K .......... .......... .......... .......... .......... 46% 8.17M 6s
 24900K .......... .......... .......... .......... .......... 47% 12.8M 6s
 24950K .......... .......... .......... .......... .......... 47% 9.61M 6s
 25000K .......... .......... .......... .......... .......... 47% 8.20M 6s
 25050K .......... .......... .......... .......... .......... 47% 13.5M 6s
 25100K .......... .......... .......... .......... .......... 47% 8.77M 6s
 25150K .......... .......... .......... .......... .......... 47% 10.3M 6s
 25200K .......... .......... .......... .......... .......... 47% 11.5M 6s
 25250K .......... .......... .......... .......... .......... 47% 12.4M 6s
 25300K .......... .......... .......... .......... .......... 47% 10.1M 6s
 25350K .......... .......... .......... .......... .......... 47% 11.6M 6s
 25400K .......... .......... .......... .......... .......... 47% 12.2M 6s
 25450K .......... .......... .......... .......... .......... 48% 10.2M 6s
 25500K .......... .......... .......... .......... .......... 48% 15.1M 6s
 25550K .......... .......... .......... .......... .......... 48% 10.2M 6s
 25600K .......... .......... .......... .......... .......... 48% 9.81M 6s
 25650K .......... .......... .......... .......... .......... 48% 15.1M 6s
 25700K .......... .......... .......... .......... .......... 48% 9.80M 5s
 25750K .......... .......... .......... .......... .......... 48% 12.0M 5s
 25800K .......... .......... .......... .......... .......... 48% 12.3M 5s
 25850K .......... .......... .......... .......... .......... 48% 9.78M 5s
 25900K .......... .......... .......... .......... .......... 48% 12.2M 5s
 25950K .......... .......... .......... .......... .......... 49% 12.1M 5s
 26000K .......... .......... .......... .......... .......... 49% 12.1M 5s
 26050K .......... .......... .......... .......... .......... 49% 10.3M 5s
 26100K .......... .......... .......... .......... .......... 49% 11.5M 5s
 26150K .......... .......... .......... .......... .......... 49% 12.2M 5s
 26200K .......... .......... .......... .......... .......... 49% 9.80M 5s
 26250K .......... .......... .......... .......... .......... 49% 10.3M 5s
 26300K .......... .......... .......... .......... .......... 49% 15.2M 5s
 26350K .......... .......... .......... .......... .......... 49% 9.74M 5s
 26400K .......... .......... .......... .......... .......... 49% 12.2M 5s
 26450K .......... .......... .......... .......... .......... 49% 12.1M 5s
 26500K .......... .......... .......... .......... .......... 50% 12.2M 5s
 26550K .......... .......... .......... .......... .......... 50% 12.2M 5s
 26600K .......... .......... .......... .......... .......... 50% 1.69M 5s
 26650K .......... .......... .......... .......... .......... 50% 11.9M 5s
 26700K .......... .......... .......... .......... .......... 50% 9.77M 5s
 26750K .......... .......... .......... .......... .......... 50% 10.0M 5s
 26800K .......... .......... .......... .......... .......... 50% 11.8M 5s
 26850K .......... .......... .......... .......... .......... 50% 9.75M 5s
 26900K .......... .......... .......... .......... .......... 50% 12.9M 5s
 26950K .......... .......... .......... .......... .......... 50% 9.76M 5s
 27000K .......... .......... .......... .......... .......... 50% 12.2M 5s
 27050K .......... .......... .......... .......... .......... 51% 1016K 5s
 27100K .......... .......... .......... .......... .......... 51% 8.20M 5s
 27150K .......... .......... .......... .......... .......... 51% 12.6M 5s
 27200K .......... .......... .......... .......... .......... 51% 9.32M 5s
 27250K .......... .......... .......... .......... .......... 51% 8.28M 5s
 27300K .......... .......... .......... .......... .......... 51% 10.1M 5s
 27350K .......... .......... .......... .......... .......... 51% 7.78M 5s
 27400K .......... .......... .......... .......... .......... 51% 12.4M 5s
 27450K .......... .......... .......... .......... .......... 51% 12.2M 5s
 27500K .......... .......... .......... .......... .......... 51% 12.2M 5s
 27550K .......... .......... .......... .......... .......... 52% 12.1M 5s
 27600K .......... .......... .......... .......... .......... 52% 8.52M 5s
 27650K .......... .......... .......... .......... .......... 52% 12.4M 5s
 27700K .......... .......... .......... .......... .......... 52% 11.4M 5s
 27750K .......... .......... .......... .......... .......... 52% 12.5M 5s
 27800K .......... .......... .......... .......... .......... 52% 12.0M 5s
 27850K .......... .......... .......... .......... .......... 52% 9.92M 5s
 27900K .......... .......... .......... .......... .......... 52% 12.6M 5s
 27950K .......... .......... .......... .......... .......... 52% 11.7M 5s
 28000K .......... .......... .......... .......... .......... 52% 12.0M 5s
 28050K .......... .......... .......... .......... .......... 52% 12.4M 5s
 28100K .......... .......... .......... .......... .......... 53% 9.73M 5s
 28150K .......... .......... .......... .......... .......... 53% 12.0M 5s
 28200K .......... .......... .......... .......... .......... 53% 9.92M 5s
 28250K .......... .......... .......... .......... .......... 53% 12.2M 5s
 28300K .......... .......... .......... .......... .......... 53% 12.2M 5s
 28350K .......... .......... .......... .......... .......... 53% 9.81M 5s
 28400K .......... .......... .......... .......... .......... 53% 12.2M 5s
 28450K .......... .......... .......... .......... .......... 53% 12.1M 5s
 28500K .......... .......... .......... .......... .......... 53% 10.2M 5s
 28550K .......... .......... .......... .......... .......... 53% 11.7M 5s
 28600K .......... .......... .......... .......... .......... 54% 12.1M 5s
 28650K .......... .......... .......... .......... .......... 54% 12.2M 5s
 28700K .......... .......... .......... .......... .......... 54% 9.80M 5s
 28750K .......... .......... .......... .......... .......... 54% 12.0M 5s
 28800K .......... .......... .......... .......... .......... 54% 12.4M 5s
 28850K .......... .......... .......... .......... .......... 54%  132K 5s
 28900K .......... .......... .......... .......... .......... 54%  185M 5s
 28950K .......... .......... .......... .......... .......... 54%  167M 5s
 29000K .......... .......... .......... .......... .......... 54%  193M 5s
 29050K .......... .......... .......... .......... .......... 54%  180M 5s
 29100K .......... .......... .......... .......... .......... 54%  159M 5s
 29150K .......... .......... .......... .......... .......... 55%  189M 5s
 29200K .......... .......... .......... .......... .......... 55%  162M 5s
 29250K .......... .......... .......... .......... .......... 55%  176M 5s
 29300K .......... .......... .......... .......... .......... 55%  187M 5s
 29350K .......... .......... .......... .......... .......... 55%  162M 5s
 29400K .......... .......... .......... .......... .......... 55%  183M 5s
 29450K .......... .......... .......... .......... .......... 55%  164M 5s
 29500K .......... .......... .......... .......... .......... 55%  174M 5s
 29550K .......... .......... .......... .......... .......... 55%  185M 5s
 29600K .......... .......... .......... .......... .......... 55%  153M 5s
 29650K .......... .......... .......... .......... .......... 55%  186M 5s
 29700K .......... .......... .......... .......... .......... 56%  161M 5s
 29750K .......... .......... .......... .......... .......... 56%  185M 5s
 29800K .......... .......... .......... .......... .......... 56%  188M 5s
 29850K .......... .......... .......... .......... .......... 56%  159M 5s
 29900K .......... .......... .......... .......... .......... 56%  184M 5s
 29950K .......... .......... .......... .......... .......... 56%  170M 5s
 30000K .......... .......... .......... .......... .......... 56%  171M 5s
 30050K .......... .......... .......... .......... .......... 56%  181M 5s
 30100K .......... .......... .......... .......... .......... 56%  166M 4s
 30150K .......... .......... .......... .......... .......... 56%  179M 4s
 30200K .......... .......... .......... .......... .......... 57%  147M 4s
 30250K .......... .......... .......... .......... .......... 57%  188M 4s
 30300K .......... .......... .......... .......... .......... 57%  185M 4s
 30350K .......... .......... .......... .......... .......... 57%  188M 4s
 30400K .......... .......... .......... .......... .......... 57%  326M 4s
 30450K .......... .......... .......... .......... .......... 57%  273M 4s
 30500K .......... .......... .......... .......... .......... 57%  339M 4s
 30550K .......... .......... .......... .......... .......... 57%  347M 4s
 30600K .......... .......... .......... .......... .......... 57%  296M 4s
 30650K .......... .......... .......... .......... .......... 57%  366M 4s
 30700K .......... .......... .......... .......... .......... 57%  315M 4s
 30750K .......... .......... .......... .......... .......... 58%  354M 4s
 30800K .......... .......... .......... .......... .......... 58%  374M 4s
 30850K .......... .......... .......... .......... .......... 58%  310M 4s
 30900K .......... .......... .......... .......... .......... 58%  324M 4s
 30950K .......... .......... .......... .......... .......... 58%  312M 4s
 31000K .......... .......... .......... .......... .......... 58%  338M 4s
 31050K .......... .......... .......... .......... .......... 58%  346M 4s
 31100K .......... .......... .......... .......... .......... 58%  288M 4s
 31150K .......... .......... .......... .......... .......... 58%  341M 4s
 31200K .......... .......... .......... .......... .......... 58%  295M 4s
 31250K .......... .......... .......... .......... .......... 58%  347M 4s
 31300K .......... .......... .......... .......... .......... 59%  349M 4s
 31350K .......... .......... .......... .......... .......... 59%  298M 4s
 31400K .......... .......... .......... .......... .......... 59%  356M 4s
 31450K .......... .......... .......... .......... .......... 59%  320M 4s
 31500K .......... .......... .......... .......... .......... 59%  358M 4s
 31550K .......... .......... .......... .......... .......... 59%  348M 4s
 31600K .......... .......... .......... .......... .......... 59%  310M 4s
 31650K .......... .......... .......... .......... .......... 59%  365M 4s
 31700K .......... .......... .......... .......... .......... 59%  296M 4s
 31750K .......... .......... .......... .......... .......... 59% 10.5M 4s
 31800K .......... .......... .......... .......... .......... 60% 6.88M 4s
 31850K .......... .......... .......... .......... .......... 60% 5.03M 4s
 31900K .......... .......... .......... .......... .......... 60%  212K 4s
 31950K .......... .......... .......... .......... .......... 60% 10.0M 4s
 32000K .......... .......... .......... .......... .......... 60% 10.2M 4s
 32050K .......... .......... .......... .......... .......... 60% 15.0M 4s
 32100K .......... .......... .......... .......... .......... 60% 9.92M 4s
 32150K .......... .......... .......... .......... .......... 60% 12.1M 4s
 32200K .......... .......... .......... .......... .......... 60% 9.85M 4s
 32250K .......... .......... .......... .......... .......... 60% 12.2M 4s
 32300K .......... .......... .......... .......... .......... 60% 10.2M 4s
 32350K .......... .......... .......... .......... .......... 61% 11.6M 4s
 32400K .......... .......... .......... .......... .......... 61% 12.1M 4s
 32450K .......... .......... .......... .......... .......... 61% 12.0M 4s
 32500K .......... .......... .......... .......... .......... 61% 12.2M 4s
 32550K .......... .......... .......... .......... .......... 61% 9.96M 4s
 32600K .......... .......... .......... .......... .......... 61% 12.0M 4s
 32650K .......... .......... .......... .......... .......... 61% 12.2M 4s
 32700K .......... .......... .......... .......... .......... 61% 9.85M 4s
 32750K .......... .......... .......... .......... .......... 61% 12.2M 4s
 32800K .......... .......... .......... .......... .......... 61% 12.8M 4s
 32850K .......... .......... .......... .......... .......... 62% 9.52M 4s
 32900K .......... .......... .......... .......... .......... 62%  113K 4s
 32950K .......... .......... .......... .......... .......... 62% 2.72M 4s
 33000K .......... .......... .......... .......... .......... 62% 17.3M 4s
 33050K .......... .......... .......... .......... .......... 62% 10.9M 4s
 33100K .......... .......... .......... .......... .......... 62% 12.7M 4s
 33150K .......... .......... .......... .......... .......... 62% 8.99M 4s
 33200K .......... .......... .......... .......... .......... 62% 8.54M 4s
 33250K .......... .......... .......... .......... .......... 62% 12.6M 4s
 33300K .......... .......... .......... .......... .......... 62% 8.10M 4s
 33350K .......... .......... .......... .......... .......... 62% 34.8M 4s
 33400K .......... .......... .......... .......... .......... 63%  193M 4s
 33450K .......... .......... .......... .......... .......... 63%  172M 4s
 33500K .......... .......... .......... .......... .......... 63%  194M 4s
 33550K .......... .......... .......... .......... .......... 63%  196M 4s
 33600K .......... .......... .......... .......... .......... 63%  147M 4s
 33650K .......... .......... .......... .......... .......... 63%  191M 4s
 33700K .......... .......... .......... .......... .......... 63%  163M 4s
 33750K .......... .......... .......... .......... .......... 63%  180M 4s
 33800K .......... .......... .......... .......... .......... 63%  194M 4s
 33850K .......... .......... .......... .......... .......... 63%  157M 4s
 33900K .......... .......... .......... .......... .......... 63%  176M 4s
 33950K .......... .......... .......... .......... .......... 64%  137M 4s
 34000K .......... .......... .......... .......... .......... 64%  187M 4s
 34050K .......... .......... .......... .......... .......... 64%  193M 4s
 34100K .......... .......... .......... .......... .......... 64%  192M 4s
 34150K .......... .......... .......... .......... .......... 64%  250M 4s
 34200K .......... .......... .......... .......... .......... 64%  212M 4s
 34250K .......... .......... .......... .......... .......... 64%  224M 4s
 34300K .......... .......... .......... .......... .......... 64%  247M 4s
 34350K .......... .......... .......... .......... .......... 64%  207M 4s
 34400K .......... .......... .......... .......... .......... 64%  233M 4s
 34450K .......... .......... .......... .......... .......... 65%  214M 4s
 34500K .......... .......... .......... .......... .......... 65%  218M 4s
 34550K .......... .......... .......... .......... .......... 65%  240M 4s
 34600K .......... .......... .......... .......... .......... 65%  212M 4s
 34650K .......... .......... .......... .......... .......... 65%  239M 4s
 34700K .......... .......... .......... .......... .......... 65%  210M 4s
 34750K .......... .......... .......... .......... .......... 65%  228M 4s
 34800K .......... .......... .......... .......... .......... 65%  227M 4s
 34850K .......... .......... .......... .......... .......... 65%  199M 4s
 34900K .......... .......... .......... .......... .......... 65%  249M 4s
 34950K .......... .......... .......... .......... .......... 65% 11.1M 3s
 35000K .......... .......... .......... .......... .......... 66% 9.69M 3s
 35050K .......... .......... .......... .......... .......... 66% 12.2M 3s
 35100K .......... .......... .......... .......... .......... 66% 9.78M 3s
 35150K .......... .......... .......... .......... .......... 66% 11.1M 3s
 35200K .......... .......... .......... .......... .......... 66% 12.1M 3s
 35250K .......... .......... .......... .......... .......... 66% 10.7M 3s
 35300K .......... .......... .......... .......... .......... 66% 12.2M 3s
 35350K .......... .......... .......... .......... .......... 66% 11.6M 3s
 35400K .......... .......... .......... .......... .......... 66% 10.6M 3s
 35450K .......... .......... .......... .......... .......... 66% 9.38M 3s
 35500K .......... .......... .......... .......... .......... 67% 12.2M 3s
 35550K .......... .......... .......... .......... .......... 67% 12.3M 3s
 35600K .......... .......... .......... .......... .......... 67% 9.09M 3s
 35650K .......... .......... .......... .......... .......... 67% 1.14M 3s
 35700K .......... .......... .......... .......... .......... 67%  417K 3s
 35750K .......... .......... .......... .......... .......... 67%  145K 4s
 35800K .......... .......... .......... .......... .......... 67%  166M 4s
 35850K .......... .......... .......... .......... .......... 67%  163M 4s
 35900K .......... .......... .......... .......... .......... 67%  194M 3s
 35950K .......... .......... .......... .......... .......... 67%  148M 3s
 36000K .......... .......... .......... .......... .......... 67%  195M 3s
 36050K .......... .......... .......... .......... .......... 68%  195M 3s
 36100K .......... .......... .......... .......... .......... 68%  146M 3s
 36150K .......... .......... .......... .......... .......... 68%  173M 3s
 36200K .......... .......... .......... .......... .......... 68%  161M 3s
 36250K .......... .......... .......... .......... .......... 68%  191M 3s
 36300K .......... .......... .......... .......... .......... 68%  197M 3s
 36350K .......... .......... .......... .......... .......... 68%  163M 3s
 36400K .......... .......... .......... .......... .......... 68%  193M 3s
 36450K .......... .......... .......... .......... .......... 68%  165M 3s
 36500K .......... .......... .......... .......... .......... 68%  193M 3s
 36550K .......... .......... .......... .......... .......... 68%  184M 3s
 36600K .......... .......... .......... .......... .......... 69%  165M 3s
 36650K .......... .......... .......... .......... .......... 69%  199M 3s
 36700K .......... .......... .......... .......... .......... 69%  161M 3s
 36750K .......... .......... .......... .......... .......... 69%  539K 3s
 36800K .......... .......... .......... .......... .......... 69%  191M 3s
 36850K .......... .......... .......... .......... .......... 69%  161M 3s
 36900K .......... .......... .......... .......... .......... 69%  192M 3s
 36950K .......... .......... .......... .......... .......... 69%  166M 3s
 37000K .......... .......... .......... .......... .......... 69%  190M 3s
 37050K .......... .......... .......... .......... .......... 69%  190M 3s
 37100K .......... .......... .......... .......... .......... 70%  163M 3s
 37150K .......... .......... .......... .......... .......... 70%  197M 3s
 37200K .......... .......... .......... .......... .......... 70%  163M 3s
 37250K .......... .......... .......... .......... .......... 70%  195M 3s
 37300K .......... .......... .......... .......... .......... 70%  196M 3s
 37350K .......... .......... .......... .......... .......... 70%  165M 3s
 37400K .......... .......... .......... .......... .......... 70%  198M 3s
 37450K .......... .......... .......... .......... .......... 70%  170M 3s
 37500K .......... .......... .......... .......... .......... 70%  187M 3s
 37550K .......... .......... .......... .......... .......... 70%  192M 3s
 37600K .......... .......... .......... .......... .......... 70%  164M 3s
 37650K .......... .......... .......... .......... .......... 71%  198M 3s
 37700K .......... .......... .......... .......... .......... 71%  166M 3s
 37750K .......... .......... .......... .......... .......... 71%  200M 3s
 37800K .......... .......... .......... .......... .......... 71%  196M 3s
 37850K .......... .......... .......... .......... .......... 71%  168M 3s
 37900K .......... .......... .......... .......... .......... 71%  557K 3s
 37950K .......... .......... .......... .......... .......... 71% 3.78M 3s
 38000K .......... .......... .......... .......... .......... 71% 13.1M 3s
 38050K .......... .......... .......... .......... .......... 71% 5.45M 3s
 38100K .......... .......... .......... .......... .......... 71% 3.96M 3s
 38150K .......... .......... .......... .......... .......... 72% 8.72M 3s
 38200K .......... .......... .......... .......... .......... 72% 7.17M 3s
 38250K .......... .......... .......... .......... .......... 72% 6.76M 3s
 38300K .......... .......... .......... .......... .......... 72% 8.80M 3s
 38350K .......... .......... .......... .......... .......... 72% 6.90M 3s
 38400K .......... .......... .......... .......... .......... 72% 9.48M 3s
 38450K .......... .......... .......... .......... .......... 72% 6.58M 3s
 38500K .......... .......... .......... .......... .......... 72% 13.0M 3s
 38550K .......... .......... .......... .......... .......... 72% 6.58M 3s
 38600K .......... .......... .......... .......... .......... 72% 5.67M 3s
 38650K .......... .......... .......... .......... .......... 72% 7.16M 3s
 38700K .......... .......... .......... .......... .......... 73%  778K 3s
 38750K .......... .......... .......... .......... .......... 73%  510K 3s
 38800K .......... .......... .......... .......... .......... 73% 4.43M 3s
 38850K .......... .......... .......... .......... .......... 73% 10.2M 3s
 38900K .......... .......... .......... .......... .......... 73% 6.73M 3s
 38950K .......... .......... .......... .......... .......... 73% 3.84M 3s
 39000K .......... .......... .......... .......... .......... 73% 6.21M 3s
 39050K .......... .......... .......... .......... .......... 73% 11.2M 3s
 39100K .......... .......... .......... .......... .......... 73% 7.22M 3s
 39150K .......... .......... .......... .......... .......... 73% 7.79M 3s
 39200K .......... .......... .......... .......... .......... 73% 7.47M 3s
 39250K .......... .......... .......... .......... .......... 74% 8.08M 3s
 39300K .......... .......... .......... .......... .......... 74% 9.52M 3s
 39350K .......... .......... .......... .......... .......... 74% 5.91M 3s
 39400K .......... .......... .......... .......... .......... 74% 12.9M 3s
 39450K .......... .......... .......... .......... .......... 74% 5.80M 3s
 39500K .......... .......... .......... .......... .......... 74% 6.41M 3s
 39550K .......... .......... .......... .......... .......... 74%  793K 3s
 39600K .......... .......... .......... .......... .......... 74%  517K 3s
 39650K .......... .......... .......... .......... .......... 74% 4.19M 3s
 39700K .......... .......... .......... .......... .......... 74% 8.82M 3s
 39750K .......... .......... .......... .......... .......... 75% 6.19M 3s
 39800K .......... .......... .......... .......... .......... 75% 4.72M 3s
 39850K .......... .......... .......... .......... .......... 75% 8.12M 3s
 39900K .......... .......... .......... .......... .......... 75% 5.95M 3s
 39950K .......... .......... .......... .......... .......... 75% 8.41M 3s
 40000K .......... .......... .......... .......... .......... 75% 8.48M 3s
 40050K .......... .......... .......... .......... .......... 75% 8.52M 3s
 40100K .......... .......... .......... .......... .......... 75% 6.13M 3s
 40150K .......... .......... .......... .......... .......... 75% 14.5M 3s
 40200K .......... .......... .......... .......... .......... 75% 5.58M 3s
 40250K .......... .......... .......... .......... .......... 75% 12.3M 3s
 40300K .......... .......... .......... .......... .......... 76% 11.6M 3s
 40350K .......... .......... .......... .......... .......... 76% 5.19M 3s
 40400K .......... .......... .......... .......... .......... 76% 1.16M 3s
 40450K .......... .......... .......... .......... .......... 76% 1.72M 3s
 40500K .......... .......... .......... .......... .......... 76%  510K 3s
 40550K .......... .......... .......... .......... .......... 76% 4.97M 3s
 40600K .......... .......... .......... .......... .......... 76% 12.1M 3s
 40650K .......... .......... .......... .......... .......... 76% 5.91M 3s
 40700K .......... .......... .......... .......... .......... 76% 4.27M 3s
 40750K .......... .......... .......... .......... .......... 76% 6.33M 3s
 40800K .......... .......... .......... .......... .......... 76% 11.0M 3s
 40850K .......... .......... .......... .......... .......... 77% 8.19M 2s
 40900K .......... .......... .......... .......... .......... 77% 8.23M 2s
 40950K .......... .......... .......... .......... .......... 77% 8.06M 2s
 41000K .......... .......... .......... .......... .......... 77% 6.04M 2s
 41050K .......... .......... .......... .......... .......... 77% 11.7M 2s
 41100K .......... .......... .......... .......... .......... 77% 6.93M 2s
 41150K .......... .......... .......... .......... .......... 77% 11.3M 2s
 41200K .......... .......... .......... .......... .......... 77% 8.79M 2s
 41250K .......... .......... .......... .......... .......... 77% 5.89M 2s
 41300K .......... .......... .......... .......... .......... 77% 1.17M 2s
 41350K .......... .......... .......... .......... .......... 78% 1.68M 2s
 41400K .......... .......... .......... .......... .......... 78%  500K 2s
 41450K .......... .......... .......... .......... .......... 78% 6.47M 2s
 41500K .......... .......... .......... .......... .......... 78% 13.9M 2s
 41550K .......... .......... .......... .......... .......... 78% 6.20M 2s
 41600K .......... .......... .......... .......... .......... 78% 4.60M 2s
 41650K .......... .......... .......... .......... .......... 78% 9.68M 2s
 41700K .......... .......... .......... .......... .......... 78% 5.99M 2s
 41750K .......... .......... .......... .......... .......... 78% 8.40M 2s
 41800K .......... .......... .......... .......... .......... 78% 8.46M 2s
 41850K .......... .......... .......... .......... .......... 78% 9.05M 2s
 41900K .......... .......... .......... .......... .......... 79% 5.80M 2s
 41950K .......... .......... .......... .......... .......... 79% 8.73M 2s
 42000K .......... .......... .......... .......... .......... 79% 9.64M 2s
 42050K .......... .......... .......... .......... .......... 79% 9.78M 2s
 42100K .......... .......... .......... .......... .......... 79% 9.75M 2s
 42150K .......... .......... .......... .......... .......... 79% 7.05M 2s
 42200K .......... .......... .......... .......... .......... 79% 1.10M 2s
 42250K .......... .......... .......... .......... .......... 79% 1.67M 2s
 42300K .......... .......... .......... .......... .......... 79%  511K 2s
 42350K .......... .......... .......... .......... .......... 79% 5.71M 2s
 42400K .......... .......... .......... .......... .......... 80% 13.7M 2s
 42450K .......... .......... .......... .......... .......... 80% 7.12M 2s
 42500K .......... .......... .......... .......... .......... 80% 4.65M 2s
 42550K .......... .......... .......... .......... .......... 80% 12.6M 2s
 42600K .......... .......... .......... .......... .......... 80% 5.54M 2s
 42650K .......... .......... .......... .......... .......... 80% 7.78M 2s
 42700K .......... .......... .......... .......... .......... 80% 7.98M 2s
 42750K .......... .......... .......... .......... .......... 80% 12.2M 2s
 42800K .......... .......... .......... .......... .......... 80% 8.15M 2s
 42850K .......... .......... .......... .......... .......... 80% 4.53M 2s
 42900K .......... .......... .......... .......... .......... 80% 12.2M 2s
 42950K .......... .......... .......... .......... .......... 81% 10.7M 2s
 43000K .......... .......... .......... .......... .......... 81% 11.0M 2s
 43050K .......... .......... .......... .......... .......... 81% 12.1M 2s
 43100K .......... .......... .......... .......... .......... 81% 6.27M 2s
 43150K .......... .......... .......... .......... .......... 81% 1.11M 2s
 43200K .......... .......... .......... .......... .......... 81%  420K 2s
 43250K .......... .......... .......... .......... .......... 81% 5.30M 2s
 43300K .......... .......... .......... .......... .......... 81% 7.91M 2s
 43350K .......... .......... .......... .......... .......... 81% 8.42M 2s
 43400K .......... .......... .......... .......... .......... 81% 6.23M 2s
 43450K .......... .......... .......... .......... .......... 81% 5.31M 2s
 43500K .......... .......... .......... .......... .......... 82% 7.90M 2s
 43550K .......... .......... .......... .......... .......... 82% 10.2M 2s
 43600K .......... .......... .......... .......... .......... 82% 6.19M 2s
 43650K .......... .......... .......... .......... .......... 82% 9.53M 2s
 43700K .......... .......... .......... .......... .......... 82% 7.16M 2s
 43750K .......... .......... .......... .......... .......... 82% 9.86M 2s
 43800K .......... .......... .......... .......... .......... 82% 5.97M 2s
 43850K .......... .......... .......... .......... .......... 82% 9.69M 2s
 43900K .......... .......... .......... .......... .......... 82% 12.3M 2s
 43950K .......... .......... .......... .......... .......... 82% 9.86M 2s
 44000K .......... .......... .......... .......... .......... 83% 7.63M 2s
 44050K .......... .......... .......... .......... .......... 83% 8.28M 2s
 44100K .......... .......... .......... .......... .......... 83%  727K 2s
 44150K .......... .......... .......... .......... .......... 83%  543K 2s
 44200K .......... .......... .......... .......... .......... 83% 4.36M 2s
 44250K .......... .......... .......... .......... .......... 83% 9.55M 2s
 44300K .......... .......... .......... .......... .......... 83% 11.0M 2s
 44350K .......... .......... .......... .......... .......... 83% 4.85M 2s
 44400K .......... .......... .......... .......... .......... 83% 6.01M 2s
 44450K .......... .......... .......... .......... .......... 83% 7.82M 2s
 44500K .......... .......... .......... .......... .......... 83% 10.2M 2s
 44550K .......... .......... .......... .......... .......... 84% 7.16M 2s
 44600K .......... .......... .......... .......... .......... 84% 6.93M 2s
 44650K .......... .......... .......... .......... .......... 84% 7.92M 2s
 44700K .......... .......... .......... .......... .......... 84% 6.55M 2s
 44750K .......... .......... .......... .......... .......... 84% 8.79M 2s
 44800K .......... .......... .......... .......... .......... 84% 12.2M 2s
 44850K .......... .......... .......... .......... .......... 84% 9.84M 2s
 44900K .......... .......... .......... .......... .......... 84% 12.2M 2s
 44950K .......... .......... .......... .......... .......... 84% 7.86M 2s
 45000K .......... .......... .......... .......... .......... 84% 5.82M 2s
 45050K .......... .......... .......... .......... .......... 85%  719K 2s
 45100K .......... .......... .......... .......... .......... 85%  548K 2s
 45150K .......... .......... .......... .......... .......... 85% 5.84M 2s
 45200K .......... .......... .......... .......... .......... 85% 7.38M 2s
 45250K .......... .......... .......... .......... .......... 85% 13.2M 2s
 45300K .......... .......... .......... .......... .......... 85% 6.25M 2s
 45350K .......... .......... .......... .......... .......... 85% 4.78M 2s
 45400K .......... .......... .......... .......... .......... 85% 10.2M 2s
 45450K .......... .......... .......... .......... .......... 85% 7.94M 2s
 45500K .......... .......... .......... .......... .......... 85% 7.46M 2s
 45550K .......... .......... .......... .......... .......... 85% 8.08M 2s
 45600K .......... .......... .......... .......... .......... 86% 5.74M 2s
 45650K .......... .......... .......... .......... .......... 86% 12.3M 2s
 45700K .......... .......... .......... .......... .......... 86% 7.09M 2s
 45750K .......... .......... .......... .......... .......... 86% 11.7M 2s
 45800K .......... .......... .......... .......... .......... 86% 10.3M 2s
 45850K .......... .......... .......... .......... .......... 86% 9.40M 2s
 45900K .......... .......... .......... .......... .......... 86% 12.1M 2s
 45950K .......... .......... .......... .......... .......... 86% 8.33M 1s
 46000K .......... .......... .......... .......... .......... 86% 1.10M 1s
 46050K .......... .......... .......... .......... .......... 86%  421K 1s
 46100K .......... .......... .......... .......... .......... 86% 5.93M 1s
 46150K .......... .......... .......... .......... .......... 87% 6.70M 1s
 46200K .......... .......... .......... .......... .......... 87% 10.8M 1s
 46250K .......... .......... .......... .......... .......... 87% 6.32M 1s
 46300K .......... .......... .......... .......... .......... 87% 4.06M 1s
 46350K .......... .......... .......... .......... .......... 87% 11.5M 1s
 46400K .......... .......... .......... .......... .......... 87% 10.2M 1s
 46450K .......... .......... .......... .......... .......... 87% 10.7M 1s
 46500K .......... .......... .......... .......... .......... 87% 6.96M 1s
 46550K .......... .......... .......... .......... .......... 87% 6.02M 1s
 46600K .......... .......... .......... .......... .......... 87% 7.71M 1s
 46650K .......... .......... .......... .......... .......... 88% 9.96M 1s
 46700K .......... .......... .......... .......... .......... 88% 9.35M 1s
 46750K .......... .......... .......... .......... .......... 88% 10.5M 1s
 46800K .......... .......... .......... .......... .......... 88% 12.3M 1s
 46850K .......... .......... .......... .......... .......... 88% 10.8M 1s
 46900K .......... .......... .......... .......... .......... 88% 8.27M 1s
 46950K .......... .......... .......... .......... .......... 88% 1.10M 1s
 47000K .......... .......... .......... .......... .......... 88% 1.41M 1s
 47050K .......... .......... .......... .......... .......... 88%  557K 1s
 47100K .......... .......... .......... .......... .......... 88% 5.12M 1s
 47150K .......... .......... .......... .......... .......... 88% 12.2M 1s
 47200K .......... .......... .......... .......... .......... 89% 8.61M 1s
 47250K .......... .......... .......... .......... .......... 89% 3.48M 1s
 47300K .......... .......... .......... .......... .......... 89% 8.86M 1s
 47350K .......... .......... .......... .......... .......... 89% 12.0M 1s
 47400K .......... .......... .......... .......... .......... 89% 9.48M 1s
 47450K .......... .......... .......... .......... .......... 89% 9.80M 1s
 47500K .......... .......... .......... .......... .......... 89% 5.54M 1s
 47550K .......... .......... .......... .......... .......... 89% 7.90M 1s
 47600K .......... .......... .......... .......... .......... 89% 7.83M 1s
 47650K .......... .......... .......... .......... .......... 89% 8.07M 1s
 47700K .......... .......... .......... .......... .......... 90% 12.3M 1s
 47750K .......... .......... .......... .......... .......... 90% 12.2M 1s
 47800K .......... .......... .......... .......... .......... 90% 9.86M 1s
 47850K .......... .......... .......... .......... .......... 90% 12.1M 1s
 47900K .......... .......... .......... .......... .......... 90% 8.49M 1s
 47950K .......... .......... .......... .......... .......... 90%  689K 1s
 48000K .......... .......... .......... .......... .......... 90%  561K 1s
 48050K .......... .......... .......... .......... .......... 90% 5.91M 1s
 48100K .......... .......... .......... .......... .......... 90% 6.47M 1s
 48150K .......... .......... .......... .......... .......... 90% 11.8M 1s
 48200K .......... .......... .......... .......... .......... 90% 6.12M 1s
 48250K .......... .......... .......... .......... .......... 91% 4.21M 1s
 48300K .......... .......... .......... .......... .......... 91% 10.1M 1s
 48350K .......... .......... .......... .......... .......... 91% 9.32M 1s
 48400K .......... .......... .......... .......... .......... 91% 12.1M 1s
 48450K .......... .......... .......... .......... .......... 91% 7.68M 1s
 48500K .......... .......... .......... .......... .......... 91% 5.23M 1s
 48550K .......... .......... .......... .......... .......... 91% 9.63M 1s
 48600K .......... .......... .......... .......... .......... 91% 6.14M 1s
 48650K .......... .......... .......... .......... .......... 91% 11.5M 1s
 48700K .......... .......... .......... .......... .......... 91% 10.3M 1s
 48750K .......... .......... .......... .......... .......... 91% 11.4M 1s
 48800K .......... .......... .......... .......... .......... 92% 12.3M 1s
 48850K .......... .......... .......... .......... .......... 92% 12.2M 1s
 48900K .......... .......... .......... .......... .......... 92% 6.15M 1s
 48950K .......... .......... .......... .......... .......... 92%  706K 1s
 49000K .......... .......... .......... .......... .......... 92%  556K 1s
 49050K .......... .......... .......... .......... .......... 92% 5.49M 1s
 49100K .......... .......... .......... .......... .......... 92% 8.90M 1s
 49150K .......... .......... .......... .......... .......... 92% 13.1M 1s
 49200K .......... .......... .......... .......... .......... 92% 5.57M 1s
 49250K .......... .......... .......... .......... .......... 92% 4.28M 1s
 49300K .......... .......... .......... .......... .......... 93% 12.1M 1s
 49350K .......... .......... .......... .......... .......... 93% 9.06M 1s
 49400K .......... .......... .......... .......... .......... 93% 10.7M 1s
 49450K .......... .......... .......... .......... .......... 93% 8.29M 1s
 49500K .......... .......... .......... .......... .......... 93% 5.45M 1s
 49550K .......... .......... .......... .......... .......... 93% 7.87M 1s
 49600K .......... .......... .......... .......... .......... 93% 7.70M 1s
 49650K .......... .......... .......... .......... .......... 93% 10.5M 1s
 49700K .......... .......... .......... .......... .......... 93% 9.78M 1s
 49750K .......... .......... .......... .......... .......... 93% 9.84M 1s
 49800K .......... .......... .......... .......... .......... 93% 11.9M 1s
 49850K .......... .......... .......... .......... .......... 94% 9.94M 1s
 49900K .......... .......... .......... .......... .......... 94% 9.09M 1s
 49950K .......... .......... .......... .......... .......... 94%  693K 1s
 50000K .......... .......... .......... .......... .......... 94%  562K 1s
 50050K .......... .......... .......... .......... .......... 94% 6.09M 1s
 50100K .......... .......... .......... .......... .......... 94% 9.14M 1s
 50150K .......... .......... .......... .......... .......... 94% 11.7M 1s
 50200K .......... .......... .......... .......... .......... 94% 5.46M 1s
 50250K .......... .......... .......... .......... .......... 94% 4.56M 1s
 50300K .......... .......... .......... .......... .......... 94% 9.20M 1s
 50350K .......... .......... .......... .......... .......... 95% 9.79M 1s
 50400K .......... .......... .......... .......... .......... 95% 10.5M 1s
 50450K .......... .......... .......... .......... .......... 95% 9.61M 1s
 50500K .......... .......... .......... .......... .......... 95% 5.18M 1s
 50550K .......... .......... .......... .......... .......... 95% 7.22M 1s
 50600K .......... .......... .......... .......... .......... 95% 7.12M 1s
 50650K .......... .......... .......... .......... .......... 95% 12.2M 1s
 50700K .......... .......... .......... .......... .......... 95% 11.5M 1s
 50750K .......... .......... .......... .......... .......... 95% 9.85M 0s
 50800K .......... .......... .......... .......... .......... 95% 12.1M 0s
 50850K .......... .......... .......... .......... .......... 95% 8.60M 0s
 50900K .......... .......... .......... .......... .......... 96% 8.05M 0s
 50950K .......... .......... .......... .......... .......... 96%  703K 0s
 51000K .......... .......... .......... .......... .......... 96%  566K 0s
 51050K .......... .......... .......... .......... .......... 96% 6.02M 0s
 51100K .......... .......... .......... .......... .......... 96% 8.62M 0s
 51150K .......... .......... .......... .......... .......... 96% 12.3M 0s
 51200K .......... .......... .......... .......... .......... 96% 5.24M 0s
 51250K .......... .......... .......... .......... .......... 96% 4.62M 0s
 51300K .......... .......... .......... .......... .......... 96% 9.50M 0s
 51350K .......... .......... .......... .......... .......... 96% 9.80M 0s
 51400K .......... .......... .......... .......... .......... 96% 10.2M 0s
 51450K .......... .......... .......... .......... .......... 97% 9.76M 0s
 51500K .......... .......... .......... .......... .......... 97% 5.50M 0s
 51550K .......... .......... .......... .......... .......... 97% 7.04M 0s
 51600K .......... .......... .......... .......... .......... 97% 7.66M 0s
 51650K .......... .......... .......... .......... .......... 97% 11.0M 0s
 51700K .......... .......... .......... .......... .......... 97% 10.8M 0s
 51750K .......... .......... .......... .......... .......... 97% 6.94M 0s
 51800K .......... .......... .......... .......... .......... 97% 12.9M 0s
 51850K .......... .......... .......... .......... .......... 97% 11.4M 0s
 51900K .......... .......... .......... .......... .......... 97% 10.3M 0s
 51950K .......... .......... .......... .......... .......... 98%  704K 0s
 52000K .......... .......... .......... .......... .......... 98%  565K 0s
 52050K .......... .......... .......... .......... .......... 98% 5.87M 0s
 52100K .......... .......... .......... .......... .......... 98% 9.19M 0s
 52150K .......... .......... .......... .......... .......... 98% 10.1M 0s
 52200K .......... .......... .......... .......... .......... 98% 5.68M 0s
 52250K .......... .......... .......... .......... .......... 98% 4.52M 0s
 52300K .......... .......... .......... .......... .......... 98% 9.33M 0s
 52350K .......... .......... .......... .......... .......... 98% 9.77M 0s
 52400K .......... .......... .......... .......... .......... 98% 11.0M 0s
 52450K .......... .......... .......... .......... .......... 98% 8.36M 0s
 52500K .......... .......... .......... .......... .......... 99% 5.85M 0s
 52550K .......... .......... .......... .......... .......... 99% 6.45M 0s
 52600K .......... .......... .......... .......... .......... 99% 9.14M 0s
 52650K .......... .......... .......... .......... .......... 99% 10.2M 0s
 52700K .......... .......... .......... .......... .......... 99% 11.5M 0s
 52750K .......... .......... .......... .......... .......... 99% 7.22M 0s
 52800K .......... .......... .......... .......... .......... 99% 11.7M 0s
 52850K .......... .......... .......... .......... .......... 99% 9.71M 0s
 52900K .......... .......... .......... .......... .......... 99% 12.2M 0s
 52950K .......... .......... .......... .......... .......... 99%  704K 0s
 53000K .......... .......... .......... .......... .......... 99%  561K 0s
 53050K ..                                                    100% 4716G=12s

2026-07-23 02:47:40 (4.38 MB/s) - ‘Homo_sapiens.GRCh38.110.gtf.gz’ saved [54325732/54325732]

=== 2026-07-23 02:47:40 | END: download_gtf (exit=0) ===
