=== 2026-07-24 11:14:00 | STEP: star_align_SRR1039513 ===
CMD: docker run --rm --cpus=8 --memory=16g     --user 1041:1049     -v '/BiO/kbioman/kbiomanuser20/rnaseq_practice/airway_de_rnaseq/index':/index -v '/BiO/kbioman/kbiomanuser20/rnaseq_practice/airway_de_rnaseq/data/trimmed':/data -v '/BiO/kbioman/kbiomanuser20/rnaseq_practice/airway_de_rnaseq/align':/align     quay.io/biocontainers/star:2.7.11a--h0033a41_0     STAR --genomeDir /index          --readFilesIn /data/SRR1039513_1.trimmed.fastq.gz /data/SRR1039513_2.trimmed.fastq.gz          --readFilesCommand zcat          --outSAMtype BAM SortedByCoordinate          --outFileNamePrefix /align/SRR1039513_          --runThreadN 8
WARNING: Your kernel does not support swap limit capabilities or the cgroup is not mounted. Memory limited without swap.
	/usr/local/bin/STAR-avx2 --genomeDir /index --readFilesIn /data/SRR1039513_1.trimmed.fastq.gz /data/SRR1039513_2.trimmed.fastq.gz --readFilesCommand zcat --outSAMtype BAM SortedByCoordinate --outFileNamePrefix /align/SRR1039513_ --runThreadN 8
	STAR version: 2.7.11a   compiled: 2023-09-15T02:58:53+0000 :/opt/conda/conda-bld/star_1694746407721/work/source
Jul 24 02:14:00 ..... started STAR run
Jul 24 02:14:00 ..... loading genome
Jul 24 02:15:19 ..... started mapping
=== 2026-07-25 19:44:05 | STEP: star_align_SRR1039513 ===
CMD: docker run --rm --cpus=8 --memory=32g     --user 1041:1049     -v '/BiO/kbioman/kbiomanuser20/rnaseq_practice/airway_de_rnaseq/index':/index -v '/BiO/kbioman/kbiomanuser20/rnaseq_practice/airway_de_rnaseq/data/trimmed':/data -v '/BiO/kbioman/kbiomanuser20/rnaseq_practice/airway_de_rnaseq/align':/align     quay.io/biocontainers/star:2.7.11a--h0033a41_0     STAR --genomeDir /index          --readFilesIn /data/SRR1039513_1.trimmed.fastq.gz /data/SRR1039513_2.trimmed.fastq.gz          --readFilesCommand zcat          --outSAMtype BAM SortedByCoordinate          --outFileNamePrefix /align/SRR1039513_          --runThreadN 8
WARNING: Your kernel does not support swap limit capabilities or the cgroup is not mounted. Memory limited without swap.
	/usr/local/bin/STAR-avx2 --genomeDir /index --readFilesIn /data/SRR1039513_1.trimmed.fastq.gz /data/SRR1039513_2.trimmed.fastq.gz --readFilesCommand zcat --outSAMtype BAM SortedByCoordinate --outFileNamePrefix /align/SRR1039513_ --runThreadN 8
	STAR version: 2.7.11a   compiled: 2023-09-15T02:58:53+0000 :/opt/conda/conda-bld/star_1694746407721/work/source
Jul 25 10:44:06 ..... started STAR run
Jul 25 10:44:06 ..... loading genome
Jul 25 10:47:26 ..... started mapping
Jul 25 10:49:57 ..... finished mapping
Jul 25 10:50:00 ..... started sorting BAM
Jul 25 10:51:38 ..... finished successfully
=== 2026-07-25 19:51:40 | END: star_align_SRR1039513 (exit=0) ===
