=== 2026-07-24 07:04:33 | STEP: star_align_SRR1039512 ===
CMD: docker run --rm --cpus=8 --memory=16g     --user 1041:1049     -v '/BiO/kbioman/kbiomanuser20/rnaseq_practice/airway_de_rnaseq/index':/index -v '/BiO/kbioman/kbiomanuser20/rnaseq_practice/airway_de_rnaseq/data/trimmed':/data -v '/BiO/kbioman/kbiomanuser20/rnaseq_practice/airway_de_rnaseq/align':/align     quay.io/biocontainers/star:2.7.11a--h0033a41_0     STAR --genomeDir /index          --readFilesIn /data/SRR1039512_1.trimmed.fastq.gz /data/SRR1039512_2.trimmed.fastq.gz          --readFilesCommand zcat          --outSAMtype BAM SortedByCoordinate          --outFileNamePrefix /align/SRR1039512_          --runThreadN 8
WARNING: Your kernel does not support swap limit capabilities or the cgroup is not mounted. Memory limited without swap.
	/usr/local/bin/STAR-avx2 --genomeDir /index --readFilesIn /data/SRR1039512_1.trimmed.fastq.gz /data/SRR1039512_2.trimmed.fastq.gz --readFilesCommand zcat --outSAMtype BAM SortedByCoordinate --outFileNamePrefix /align/SRR1039512_ --runThreadN 8
	STAR version: 2.7.11a   compiled: 2023-09-15T02:58:53+0000 :/opt/conda/conda-bld/star_1694746407721/work/source
Jul 23 22:04:33 ..... started STAR run
Jul 23 22:04:33 ..... loading genome
Jul 23 22:05:40 ..... started mapping
Jul 24 02:12:22 ..... finished mapping
Jul 24 02:12:26 ..... started sorting BAM
Jul 24 02:13:58 ..... finished successfully
=== 2026-07-24 11:14:00 | END: star_align_SRR1039512 (exit=0) ===
=== 2026-07-25 19:33:24 | STEP: star_align_SRR1039512 ===
CMD: docker run --rm --cpus=8 --memory=32g     --user 1041:1049     -v '/BiO/kbioman/kbiomanuser20/rnaseq_practice/airway_de_rnaseq/index':/index -v '/BiO/kbioman/kbiomanuser20/rnaseq_practice/airway_de_rnaseq/data/trimmed':/data -v '/BiO/kbioman/kbiomanuser20/rnaseq_practice/airway_de_rnaseq/align':/align     quay.io/biocontainers/star:2.7.11a--h0033a41_0     STAR --genomeDir /index          --readFilesIn /data/SRR1039512_1.trimmed.fastq.gz /data/SRR1039512_2.trimmed.fastq.gz          --readFilesCommand zcat          --outSAMtype BAM SortedByCoordinate          --outFileNamePrefix /align/SRR1039512_          --runThreadN 8
WARNING: Your kernel does not support swap limit capabilities or the cgroup is not mounted. Memory limited without swap.
	/usr/local/bin/STAR-avx2 --genomeDir /index --readFilesIn /data/SRR1039512_1.trimmed.fastq.gz /data/SRR1039512_2.trimmed.fastq.gz --readFilesCommand zcat --outSAMtype BAM SortedByCoordinate --outFileNamePrefix /align/SRR1039512_ --runThreadN 8
	STAR version: 2.7.11a   compiled: 2023-09-15T02:58:53+0000 :/opt/conda/conda-bld/star_1694746407721/work/source
Jul 25 10:33:25 ..... started STAR run
Jul 25 10:33:25 ..... loading genome
Jul 25 10:36:46 ..... started mapping
Jul 25 10:40:55 ..... finished mapping
Jul 25 10:40:57 ..... started sorting BAM
Jul 25 10:44:02 ..... finished successfully
=== 2026-07-25 19:44:05 | END: star_align_SRR1039512 (exit=0) ===
