[2026-07-25 13:09:53,923] multiqc                                            [DEBUG  ]  This is MultiQC v1.19
[2026-07-25 13:09:53,923] multiqc                                            [DEBUG  ]  Command used: /usr/local/bin/multiqc results/ align/ -o results/qc/multiqc
[2026-07-25 13:10:19,382] multiqc                                            [WARNING]  MultiQC Version v1.35 now available!
[2026-07-25 13:10:19,382] multiqc                                            [DEBUG  ]  Working dir : /work
[2026-07-25 13:10:19,383] multiqc                                            [DEBUG  ]  Template    : default
[2026-07-25 13:10:19,383] multiqc                                            [DEBUG  ]  Running Python 3.11.7 | packaged by conda-forge | (main, Dec 15 2023, 08:38:37) [GCC 12.3.0]
[2026-07-25 13:10:19,384] multiqc                                            [DEBUG  ]  Analysing modules: custom_content, ccs, ngsderive, purple, conpair, lima, peddy, somalier, methylQA, mosdepth, phantompeakqualtools, qualimap, preseq, hifiasm, quast, qorts, rna_seqc, rockhopper, rsem, rseqc, busco, bustools, goleft_indexcov, gffcompare, disambiguate, supernova, deeptools, sargasso, verifybamid, mirtrace, happy, mirtop, sambamba, gopeaks, homer, hops, macs2, theta2, snpeff, gatk, htseq, bcftools, featureCounts, fgbio, dragen, dragen_fastqc, dedup, pbmarkdup, damageprofiler, mapdamage, biobambam2, jcvi, mtnucratio, picard, vep, bakta, prokka, qc3C, nanostat, samblaster, samtools, sexdeterrmine, seqera_cli, eigenstratdatabasetools, bamtools, jellyfish, vcftools, longranger, stacks, varscan2, snippy, umitools, truvari, bbmap, bismark, biscuit, diamond, hicexplorer, hicup, hicpro, salmon, kallisto, slamdunk, star, hisat2, tophat, bowtie2, bowtie1, cellranger, snpsplit, odgi, pangolin, nextclade, freyja, humid, kat, leehom, librarian, adapterRemoval, bbduk, clipandmerge, cutadapt, flexbar, sourmash, kaiju, bracken, kraken, malt, motus, trimmomatic, sickle, skewer, sortmerna, biobloomtools, fastq_screen, afterqc, fastp, fastqc, filtlong, prinseqplusplus, pychopper, porechop, pycoqc, minionqc, anglerfish, multivcfanalyzer, clusterflow, checkqc, bcl2fastq, bclconvert, interop, ivar, flash, seqyclean, optitype, whatshap, xenome, xengsort
[2026-07-25 13:10:19,384] multiqc                                            [DEBUG  ]  Using temporary directory for creating report: /tmp/tmpesmkm4qc
[2026-07-25 13:10:19,386] multiqc                                            [INFO   ]  Search path : /work/results
[2026-07-25 13:10:19,386] multiqc                                            [INFO   ]  Search path : /work/align
[2026-07-25 13:10:20,117] multiqc                                            [DEBUG  ]  Summary of files that were skipped by the search: [skipped_module_specific_max_filesize: 211] // [skipped_no_match: 30] // [skipped_ignore_pattern: 5]
[2026-07-25 13:10:21,199] multiqc.plots.bargraph                             [DEBUG  ]  Using matplotlib version 3.8.2
[2026-07-25 13:10:21,213] multiqc.plots.linegraph                            [DEBUG  ]  Using matplotlib version 3.8.2
[2026-07-25 13:10:21,216] multiqc                                            [DEBUG  ]  No samples found: custom_content
[2026-07-25 13:10:23,145] multiqc                                            [DEBUG  ]  No samples found: htseq
[2026-07-25 13:10:23,148] multiqc.modules.featureCounts.feature_counts       [INFO   ]  Found 4 reports
[2026-07-25 13:10:23,168] multiqc.modules.star.star                          [INFO   ]  Found 4 reports
[2026-07-25 13:10:23,184] multiqc.modules.fastp.fastp                        [INFO   ]  Found 4 reports
[2026-07-25 13:10:23,185] multiqc.modules.fastp.fastp                        [DEBUG  ]  No duplication rate plot data: SRR1039509_1
[2026-07-25 13:10:23,185] multiqc.modules.fastp.fastp                        [DEBUG  ]  No duplication rate plot data: SRR1039513_1
[2026-07-25 13:10:23,185] multiqc.modules.fastp.fastp                        [DEBUG  ]  No duplication rate plot data: SRR1039512_1
[2026-07-25 13:10:23,186] multiqc.modules.fastp.fastp                        [DEBUG  ]  No duplication rate plot data: SRR1039508_1
[2026-07-25 13:10:23,771] multiqc.modules.fastqc.fastqc                      [INFO   ]  Found 8 reports
[2026-07-25 13:10:23,799] multiqc.utils.software_versions                    [DEBUG  ]  Reading software versions from config.software_versions
[2026-07-25 13:10:23,821] multiqc                                            [DEBUG  ]  Compressing plot data
[2026-07-25 13:10:24,050] multiqc                                            [INFO   ]  Report      : results/qc/multiqc/multiqc_report.html
[2026-07-25 13:10:24,050] multiqc                                            [INFO   ]  Data        : results/qc/multiqc/multiqc_data
[2026-07-25 13:10:24,050] multiqc                                            [DEBUG  ]  Moving data file from '/tmp/tmpesmkm4qc/multiqc_data' to 'results/qc/multiqc/multiqc_data'
[2026-07-25 13:10:24,254] multiqc                                            [DEBUG  ]  Full report path: /work/results/qc/multiqc/multiqc_report.html
[2026-07-25 13:10:24,408] multiqc                                            [INFO   ]  MultiQC complete
